

.. _1_map_reference:

.. rubric:: Folder 1

.. csv-table::
   :header: "Name","Comments"
   :widths: 60,40

    :ref:`All you need for your Microcomputer System <ALLYOUNEED>`,""
    :ref:`EDUCATOR-II Brochure <EDUCATOR-II-BROCHURE>`,""
    :ref:`M6800 Co-Resident Assembler Reference Manual <M68CRA(D)>`,""
    :ref:`M6800 Co-Resident Editor Reference Manual <M68CRE(D)>`,""
    :ref:`M6800 Cross Assembler Reference Manual <M68SAM(D2)>`,""
    :ref:`M6800 Evaluation Kit II Brochure <MEK6800D2-EVAL-KIT-BROCHURE>`,""
    :ref:`M6800 Instruction Set Summary <REF-MC6800>`,""
    :ref:`MC6809/MC6809E 8-Bit Microprocessor Programming Model <REF-MC6809-MC6809E>`,""
    :ref:`MC6840 Programmable Timer Fundamentals and Applications <MC6840UM-AD>`,""
    :ref:`MC6840 Programmable Timer Module Programming Summary <REF-MC6840>`,""
    :ref:`MC6845 Cathode Ray Tube Controller Programming <REF-MC6845>`,""
    :ref:`MC68488 GPIA for IEEE-488 Bus <REF-MC68488>`,""
    :ref:`MEK6800D2 Microcomputer Kit System Expansion Techniques <AN-771>`,""
    :ref:`MES6800 User Guide <MES6800>`,""
    :ref:`MEX6815-1 8K Dynamic RAM Module Supplement <MEX68151>`,""
    :ref:`Microprocessor Course Notes Page <M6800CNP>`,""
    :ref:`Monoboard Microcomputer 1A Micromodule 1A <M68MM01A(D4)>`,""
    :ref:`Motorola MPU Vocabulary <MPUVocabulary>`,"First Edition 1977"
    :ref:`Motorola Microcomputer System Design Data Manual <NONE-1>`,""
    :ref:`Motorola Software for DEC PDP-11 InfoSheet <M-PDP-11>`,""


.. _2_map_reference:

.. rubric:: Folder 2

.. csv-table::
   :header: "Name","Comments"
   :widths: 60,40

    :ref:`Autonomous Development System (French) Datasheet <DS-M68ADS1-FRENCH>`,""
    :ref:`Autonomous Development System Datasheet <DS-M68ADS1>`,""
    :ref:`M68MM01B1A Monoboard Microcomputer Module Datasheet <DS-M68MM01B1A>`,""
    :ref:`M68MM01D Monoboard Microcomputer Module Datasheet <DS-M68MM01D>`,""
    :ref:`M68MM07 Quad Communications Micromodule Datasheet <DS-M68MM07>`,""
    :ref:`M68SXS EXORterm 200 Datasheet <DS-M68SXS>`,""
    :ref:`MC6850 Datasheet <MC6850>`,""
    :ref:`MEX78PP3 EROM/PROM Programmer Module <MEX68PP3>`,""
    :ref:`Micromodule 01B1 Datasheet <M68MM01B1>`,""


.. _4_map_reference:

.. rubric:: Folder 4

.. csv-table::
   :header: "Name","Comments"
   :widths: 60,40

    :ref:`EXORset 30 BASIC-M Users Guide <M6809BASICM(D1)>`,"A5-format paperback"
    :ref:`M6800 Microcomputer System Support Products <M6800SYSSUPPPROD>`,":ref:`Collection of Documents <M6800_Microcomputer_System_Support_Products_map_reference>`"
    :ref:`Microcomputer Development Systems and Subsystems <1979_MCDS>`,"1979"
    :ref:`Microprocessor Applications Manual <NONE-2>`,""
    :ref:`Motorola Memory Products <1979_Memory_Products>`,"1979"


.. _LOCAL_map_reference:

.. rubric:: See individual items for location information

.. csv-table::
   :header: "Name","Comments"
   :widths: 60,40

    :ref:`EDUCATOR-II Monitor <EDUCATOR_II_mon>`,""
    :ref:`EXORset30 ROM - EXORBUG 1.2 L (IC-26) <IC26>`,""
    :ref:`EXORset30 ROM - EXORBUG 1.2 L (IC-27) <IC27>`,""
    :ref:`EXORset30 ROM - FDCEXORset 30 (IC-22) <IC22>`,""
    :ref:`EXORset30 ROM - IC-28 <IC28>`,""
    :ref:`EXORset30 ROM - IC-30 <IC30>`,""
    :ref:`EXORset30 ROM - IC-31 <IC31>`,""
    :ref:`JBUG Monitor V1.8 <JBUG_1_8>`,""
    :ref:`MIKBUG Monitor Assembly Listing REV 009 <@MIKBUG-MINIBUG_04_09_mk_ass>`,""
    :ref:`MINIBUG Monitor Assembly Listing REV 004 <@MIKBUG-MINIBUG_04_09_mn_ass>`,""
    :ref:`Motorola FORTRAN Source Code for MSAM68 Cross Assembler (PDP-11) <SRC-FOR-MASM-PDP-11>`,""


.. _M6800_Microcomputer_System_Support_Products_map_reference:

.. rubric:: Folder M6800 Microcomputer System Support Products

.. csv-table::
   :header: "Name","Comments"
   :widths: 60,40

    :ref:`Documentation Brochure <M6800-DOCUMENTATION-BROCHURE>`,""
    :ref:`M6800 Co-Resident Software Datasheet <DS-M6800-Res-Software>`,""
    :ref:`M6800 Cross Assembler DataSheet <DS-M68SAM>`,""
    :ref:`M6800 EXORdisk Brochure <M6800EXORDISK-BROCHURE>`,""
    :ref:`M6800 EXORtape Brochure <M6800EXORTAPE-BROCHURE>`,""
    :ref:`M6800 Resident Macro Asembler and Linkage Editor Datasheet <DS-M68ASMR020>`,""
    :ref:`M6800 Resident Software Brochure <M6800-RESIDENT-SOFTWARE-BROCHURE>`,""
    :ref:`M6800 Simulator Datasheet <DS-M68EML>`,""
    :ref:`M6800 Software for In-House-Computers Brochure <M6800SOFTWARE-IN-HOUSE-BROCHURE>`,""
    :ref:`M6800 Time Sharing Systems Software Brochure <M6800-TIME-SHARING-SYSTEMS-BROCHURE>`,""
    :ref:`M6800B Evaluation Module II Brochure <M6800B-BROCHURE>`,""
    :ref:`M68BASR010 Resident BASIC Interpreter Brochure <M68BASR010-BROCHURE>`,""
    :ref:`M68FTNR10D Resident FORTRAN Compiler Brochure <M68FTNR10D-BROCHURE>`,""
    :ref:`M68SDT EXORciser Emulator for M6800 Based Systems Brochure <M68SDTEXOR-BROCHURE>`,""
    :ref:`MEX6812-1 2K Static RAM Module Brochure <MEX6812-1-BROCHURE>`,""
    :ref:`MEX6815-3 8K Dynamic RAM Module Brochure <MEX6815-3-BROCHURE>`,""
    :ref:`MEX6816-1 16K Dynamic RAM Module Brochure <MEX6816-1-BROCHURE>`,""
    :ref:`MEX6820 Input/Output Module Brochure <MEX6820-BROCHURE>`,""
    :ref:`MEX6850 ACIA Module Brochure <MEX6850-BROCHURE>`,""
    :ref:`MEX68CT MOTEST-1 Component Tester Brochure <MEX68CT-BROCHURE>`,""
    :ref:`MEX68PP1 PROM Programmer Module Brochure <MEX68PP1-BROCHURE>`,""
    :ref:`MEX68RR EROM/RAM Module Brochure <MEX68RR-BROCHURE>`,""
    :ref:`MEX68SA Systems Analyzer Brochure <MEX68SA-BROCHURE>`,""
    :ref:`MEX68USE User System Evaluator (USE) Brochure <MEX68USE-BROCHURE>`,""
    :ref:`MEX68WW Wirewrap Module/MEX68EXT Extended Module Brochure <MEX68WW-MEX68XT-BROCHURE>`,""
    :ref:`MPL Compiler Datasheet <DS-MPL-COMPILER>`,""


.. _Microprocessor_Course_map_reference:

.. rubric:: Folder Microprocessor Course

.. csv-table::
   :header: "Name","Comments"
   :widths: 60,40

    :ref:`M6800 Systems Reference and Data Sheets <SYSREF>`,""
    :ref:`Microprocessor Course <MC6800CRSBNDR>`,""
    :ref:`Motorola Software for Exorciser InfoSheet <M-EXORcser>`,""
    :ref:`Motorola Software for General Electric InfoSheet <M-GE>`,""
    :ref:`Motorola Software for Motorola Time Sharing Systems InfoSheet <M-MTSS>`,""
    :ref:`Motorola Software for United Computing Service InfoSheet <M-UCS>`,""
