

.. _1_map_reference:

.. rubric:: Folder 1

.. csv-table::
   :header: "Name","Comments"
   :widths: 60,40

    :ref:`All you need for your Microcomputer System <ALLYOUNEED>`,""
    :ref:`M6800 Instruction Set Summary <REF-MC6800-1>`,""
    :ref:`MC6809/MC6809E 8-Bit Microprocessor Programming Model <REF-MC6809-MC6809E-1>`,""
    :ref:`MC6840 Programmable Timer Module Programming Summary <REF-MC6840-1>`,""
    :ref:`MC6845 Cathode Ray Tube Controller Programming <REF-MC6845-1>`,""
    :ref:`MC68488 GPIA for IEEE-488 Bus <REF-MC68488-1>`,""
    :ref:`MEK6800D2 Microcomputer Kit System Expansion Techniques <AN-771>`,""
    :ref:`Microcomputer Development Systems and Subsystems <1979_MCDS>`,"1979"
    :ref:`Microprocessor Applications Manual <NONE-2>`,""
    :ref:`Microprocessor Course Notes Page <M6800CNP>`,""
    :ref:`Motorola MPU Vocabulary <MPUVocabulary>`,"First Edition 1977"
    :ref:`Motorola Memory Products <1979_Memory_Products>`,"1979"
    :ref:`Motorola Microcomputer System Design Data Manual <NONE-1>`,""


.. _LOCAL_map_reference:

.. rubric:: See individual items for location information

.. csv-table::
   :header: "Name","Comments"
   :widths: 60,40

    :ref:`EDUCATOR-II Monitor <EDUCATOR_II_mon>`,""
    :ref:`EXORset30 ROM - EXORBUG 1.2 L (IC-26) <IC26>`,""
    :ref:`EXORset30 ROM - EXORBUG 1.2 L (IC-27) <IC27>`,""
    :ref:`EXORset30 ROM - FDCEXORset 30 (IC-22) <IC22>`,""
    :ref:`EXORset30 ROM - IC-28 <IC28>`,""
    :ref:`EXORset30 ROM - IC-30 <IC30>`,""
    :ref:`EXORset30 ROM - IC-31 <IC31>`,""
    :ref:`MIKBUG Monitor Assembly Listing REV 009 <@MIKBUG-MINIBUG_04_09_mk_ass>`,""
    :ref:`MINIBUG Monitor Assembly Listing REV 004 <@MIKBUG-MINIBUG_04_09_mn_ass>`,""
    :ref:`Motorola FORTRAN Source Code for MSAM68 Cross Assembler (PDP-11) <SRC-FOR-MASM-PDP-11>`,""


.. _Microprocessor_Course_map_reference:

.. rubric:: Folder Microprocessor Course

.. csv-table::
   :header: "Name","Comments"
   :widths: 60,40

    :ref:`M6800 Systems Reference and Data Sheets <SYSREF>`,""
    :ref:`Motorola Software for DEC PDP-11 InfoSheet <M_PDP_11>`,""
    :ref:`Motorola Software for Exorciser InfoSheet <M_EXORcser>`,""
    :ref:`Motorola Software for General Electric InfoSheet <M_GE>`,""
    :ref:`Motorola Software for Motorola Time Sharing Systems InfoSheet <M_MTSS>`,""
    :ref:`Motorola Software for United Computing Service InfoSheet <M_UCS>`,""
